Γû▓ Next.js 16.2.9 (Turbopack)

  Creating an optimized production build ...
Γ£ô Compiled successfully in 4.8s
  Running TypeScript ...
  Finished TypeScript in 5.5s ...
  Collecting page data using 11 workers ...
  Generating static pages using 11 workers (0/84) ...
node.exe : The width(-1) and height(-1) of chart should be greater than 0,
At line:1 char:1
+ & "C:\Program Files\nodejs/node.exe" "C:\Program Files\nodejs/node_mo ...
+ ~~~~~~~~~~~~~~~~~~~~~~~~~~~~~~~~~~~~~~~~~~~~~~~~~~~~~~~~~~~~~~~~~~~~~
    + CategoryInfo          : NotSpecified: (The width(-1) a...greater than 0,:String) [], RemoteException
    + FullyQualifiedErrorId : NativeCommandError
 
       please check the style of container, or the props width(100%) and height(100%),
       or add a minWidth(0) or minHeight(undefined) or use aspect(undefined) to control the
       height and width.
The width(-1) and height(-1) of chart should be greater than 0,
       please check the style of container, or the props width(100%) and height(100%),
       or add a minWidth(0) or minHeight(undefined) or use aspect(undefined) to control the
       height and width.
  Generating static pages using 11 workers (21/84) 
  Generating static pages using 11 workers (42/84) 
  Generating static pages using 11 workers (63/84) 
The width(-1) and height(-1) of chart should be greater than 0,
       please check the style of container, or the props width(100%) and height(100%),
       or add a minWidth(0) or minHeight(undefined) or use aspect(undefined) to control the
       height and width.
The width(-1) and height(-1) of chart should be greater than 0,
       please check the style of container, or the props width(100%) and height(100%),
       or add a minWidth(0) or minHeight(undefined) or use aspect(undefined) to control the
       height and width.
Γ£ô Generating static pages using 11 workers (84/84) in 1057ms
  Finalizing page optimization ...

Route (app)
Γöî Γùï /
Γö£ Γùï /_not-found
Γö£ Γùï /ai-assistant
Γö£ Γùï /analytics
Γö£ Γùï /campaigns
Γö£ ΓùÅ /campaigns/[id]
Γöé Γö£ /campaigns/1
Γöé Γö£ /campaigns/2
Γöé Γö£ /campaigns/3
Γöé Γöö [+9 more paths]
Γö£ Γùï /campaigns/new
Γö£ Γùï /dashboard
Γö£ Γùï /employees
Γö£ ΓùÅ /employees/[id]
Γöé Γö£ /employees/1
Γöé Γö£ /employees/2
Γöé Γö£ /employees/3
Γöé Γöö [+17 more paths]
Γö£ Γùï /employees/import
Γö£ Γùï /landing-pages
Γö£ ΓùÅ /landing-pages/[id]
Γöé Γö£ /landing-pages/1
Γöé Γö£ /landing-pages/2
Γöé Γö£ /landing-pages/3
Γöé Γöö [+5 more paths]
Γö£ Γùï /landing-pages/new
Γö£ Γùï /reports
Γö£ ΓùÅ /reports/[id]
Γöé Γö£ /reports/1
Γöé Γö£ /reports/2
Γöé Γö£ /reports/3
Γöé Γöö [+5 more paths]
Γö£ Γùï /settings
Γö£ Γùï /templates
Γö£ ΓùÅ /templates/[id]
Γöé Γö£ /templates/1
Γöé Γö£ /templates/2
Γöé Γö£ /templates/3
Γöé Γöö [+9 more paths]
Γö£ Γùï /templates/new
Γö£ Γùï /training
Γöö ΓùÅ /training/[courseId]
  Γö£ /training/1
  Γö£ /training/2
  Γö£ /training/3
  Γöö [+3 more paths]


Γùï  (Static)  prerendered as static content
ΓùÅ  (SSG)     prerendered as static HTML (uses generateStaticParams)

